2024-12-31 10:22:40,954 - INFO - Starting training for 1 epochs...
2024-12-31 10:24:21,054 - INFO - Starting training for 1 epochs...
2024-12-31 10:25:55,408 - INFO - Starting training for 1 epochs...
2024-12-31 10:27:36,413 - INFO - Starting training for 1 epochs...
2024-12-31 10:28:22,479 - INFO - Starting training for 1 epochs...
2024-12-31 10:28:56,375 - INFO - Starting training for 1 epochs...
2024-12-31 10:29:34,430 - INFO - Starting training for 1 epochs...
2024-12-31 10:29:56,355 - INFO - Starting training for 1 epochs...
2024-12-31 10:30:38,231 - INFO - Starting training for 1 epochs...
2025-01-06 11:20:55,452 - INFO - Starting training for 1 epochs...
2025-01-06 11:21:25,004 - INFO - Starting training for 1 epochs...
2025-01-06 11:22:33,057 - INFO - Starting training for 1 epochs...
2025-01-06 11:24:09,198 - INFO - Starting training for 1 epochs...
2025-01-06 11:24:47,500 - INFO - Starting training for 1 epochs...
2025-01-06 11:26:12,937 - INFO - Starting training for 1 epochs...
2025-01-06 11:26:13,547 - INFO - Model saved to ./checkpoints/AIMClassifier2/epoch_0_model.pth
2025-01-06 11:28:26,674 - INFO - Starting training for 1 epochs...
2025-01-06 11:28:45,859 - INFO - Starting training for 1 epochs...
2025-01-06 11:31:47,443 - INFO - Starting training for 1 epochs...
2025-01-06 11:38:28,720 - INFO - Starting training for 1 epochs...
2025-01-06 11:39:19,108 - INFO - Starting training for 1 epochs...
2025-01-06 11:41:29,723 - INFO - Starting training for 1 epochs...
2025-01-06 11:43:34,419 - INFO - Starting training for 1 epochs...
2025-01-06 11:43:34,968 - INFO - Step 10, Loss: 0.5464
2025-01-06 11:43:35,068 - INFO - Step 20, Loss: 0.3797
2025-01-06 11:43:35,165 - INFO - Step 30, Loss: 0.3108
2025-01-06 11:43:35,260 - INFO - Step 40, Loss: 0.2153
2025-01-06 11:43:35,362 - INFO - Step 50, Loss: 0.1835
2025-01-06 11:43:35,456 - INFO - Step 60, Loss: 0.2028
2025-01-06 11:43:35,550 - INFO - Step 70, Loss: 0.1757
2025-01-06 11:43:35,646 - INFO - Step 80, Loss: 0.1819
2025-01-06 11:43:35,742 - INFO - Step 90, Loss: 0.1629
2025-01-06 11:43:35,837 - INFO - Step 100, Loss: 0.1230
2025-01-06 11:43:35,933 - INFO - Step 110, Loss: 0.1066
2025-01-06 11:43:36,027 - INFO - Step 120, Loss: 0.1220
2025-01-06 11:43:36,125 - INFO - Step 130, Loss: 0.1316
2025-01-06 11:43:36,221 - INFO - Step 140, Loss: 0.1065
2025-01-06 11:43:36,315 - INFO - Step 150, Loss: 0.1218
2025-01-06 11:43:36,410 - INFO - Step 160, Loss: 0.0820
2025-01-06 11:43:36,505 - INFO - Step 170, Loss: 0.0575
2025-01-06 11:43:36,599 - INFO - Step 180, Loss: 0.0498
2025-01-06 11:43:36,695 - INFO - Step 190, Loss: 0.0674
2025-01-06 11:43:36,791 - INFO - Step 200, Loss: 0.1595
2025-01-06 11:43:36,885 - INFO - Step 210, Loss: 0.0954
2025-01-06 11:43:36,981 - INFO - Step 220, Loss: 0.0840
2025-01-06 11:43:37,075 - INFO - Step 230, Loss: 0.0318
2025-01-06 11:43:37,169 - INFO - Step 240, Loss: 0.0677
2025-01-06 11:43:37,263 - INFO - Step 250, Loss: 0.0669
2025-01-06 11:43:37,357 - INFO - Step 260, Loss: 0.0350
2025-01-06 11:43:37,453 - INFO - Step 270, Loss: 0.0612
2025-01-06 11:43:37,547 - INFO - Step 280, Loss: 0.0504
2025-01-06 11:43:37,650 - INFO - Step 290, Loss: 0.0591
2025-01-06 11:43:37,744 - INFO - Step 300, Loss: 0.0634
2025-01-06 11:43:37,841 - INFO - Step 310, Loss: 0.0329
2025-01-06 11:43:37,935 - INFO - Step 320, Loss: 0.0584
2025-01-06 11:43:38,028 - INFO - Step 330, Loss: 0.0400
2025-01-06 11:43:38,122 - INFO - Step 340, Loss: 0.0444
2025-01-06 11:43:38,215 - INFO - Step 350, Loss: 0.0256
2025-01-06 11:43:38,309 - INFO - Step 360, Loss: 0.0331
2025-01-06 11:43:38,402 - INFO - Step 370, Loss: 0.0277
2025-01-06 11:43:38,495 - INFO - Step 380, Loss: 0.0545
2025-01-06 11:43:38,590 - INFO - Step 390, Loss: 0.0425
2025-01-06 11:43:38,685 - INFO - Step 400, Loss: 0.0247
2025-01-06 11:43:38,779 - INFO - Step 410, Loss: 0.0721
2025-01-06 11:43:38,876 - INFO - Step 420, Loss: 0.0210
2025-01-06 11:43:38,970 - INFO - Step 430, Loss: 0.0417
2025-01-06 11:43:39,065 - INFO - Step 440, Loss: 0.0620
2025-01-06 11:43:39,160 - INFO - Step 450, Loss: 0.0699
2025-01-06 11:43:39,255 - INFO - Step 460, Loss: 0.0244
2025-01-06 11:43:39,350 - INFO - Step 470, Loss: 0.0563
2025-01-06 11:43:39,444 - INFO - Step 480, Loss: 0.0549
2025-01-06 11:43:39,549 - INFO - Step 490, Loss: 0.0170
2025-01-06 11:43:39,644 - INFO - Step 500, Loss: 0.0430
2025-01-06 11:43:39,737 - INFO - Step 510, Loss: 0.0349
2025-01-06 11:43:39,838 - INFO - Step 520, Loss: 0.0494
2025-01-06 11:43:39,936 - INFO - Step 530, Loss: 0.0422
2025-01-06 11:43:40,031 - INFO - Step 540, Loss: 0.0358
2025-01-06 11:43:40,125 - INFO - Step 550, Loss: 0.0466
2025-01-06 11:43:40,219 - INFO - Step 560, Loss: 0.0347
2025-01-06 11:43:40,313 - INFO - Step 570, Loss: 0.0529
2025-01-06 11:43:40,407 - INFO - Step 580, Loss: 0.0142
2025-01-06 11:43:40,500 - INFO - Step 590, Loss: 0.0206
2025-01-06 11:43:40,594 - INFO - Step 600, Loss: 0.0287
2025-01-06 11:43:40,687 - INFO - Step 610, Loss: 0.0223
2025-01-06 11:43:40,780 - INFO - Step 620, Loss: 0.0203
2025-01-06 11:43:40,835 - INFO - Model saved to ./checkpoints/AIMClassifier2/epoch_0_model.pth
2025-01-06 15:32:22,203 - INFO - Starting training for 1 epochs...
2025-01-06 15:33:13,300 - INFO - Starting training for 1 epochs...
2025-01-06 15:34:13,056 - INFO - Starting training for 1 epochs...
2025-01-06 15:36:52,799 - INFO - Starting training for 1 epochs...
2025-01-06 15:37:45,202 - INFO - Starting training for 1 epochs...
2025-01-06 15:39:06,022 - INFO - Starting training for 1 epochs...
2025-01-06 15:48:59,500 - INFO - Starting training for 1 epochs...
2025-01-06 15:53:25,996 - INFO - Starting training for 1 epochs...
2025-01-06 16:46:30,462 - INFO - Already found a `peft_config` attribute in the model. This will lead to having multiple adapters in the model. Make sure to know what you are doing!
2025-01-06 16:59:51,287 - INFO - Starting training for 1 epochs...
2025-01-06 17:03:49,822 - INFO - Starting training for 1 epochs...
2025-01-06 17:06:24,901 - INFO - Model saved to ./checkpoints/AIMClassifier_lora/epoch_0_model.pth
2025-01-06 17:19:32,948 - INFO - Starting training for 1 epochs...
2025-01-06 17:24:36,695 - INFO - Starting training for 1 epochs...
2025-01-06 17:29:06,396 - INFO - Starting training for 1 epochs...
2025-01-06 17:32:04,979 - INFO - Starting training for 1 epochs...
2025-01-06 17:38:48,372 - INFO - Starting training for 1 epochs...
2025-01-06 17:39:52,021 - INFO - Model saved to ./checkpoints/AIMClassifier_lora/epoch_0_model.pth
2025-01-08 09:54:01,052 - INFO - Starting training for 1 epochs...
2025-01-17 21:03:35,788 - INFO - Starting training for 1 epochs...
2025-01-17 21:06:39,016 - INFO - Starting training for 1 epochs...
2025-01-17 21:07:57,720 - INFO - Starting training for 1 epochs...
2025-01-17 21:08:34,455 - INFO - Step 10, Loss: 0.6973
2025-01-17 21:09:00,634 - INFO - Step 20, Loss: 2.0613
2025-02-24 13:09:31,433 - INFO - Starting training for 1 epochs...
2025-02-24 13:14:37,234 - INFO - Starting training for 1 epochs...
2025-02-24 13:15:10,700 - INFO - Model saved to ./checkpoints/AIMClassifier_lora/epoch_0_model.pth
2025-02-24 14:32:17,316 - INFO - Starting training for 1 epochs...
2025-02-24 14:36:39,821 - INFO - Starting training for 1 epochs...
2025-02-24 14:37:14,219 - INFO - Step 10, Loss: 2.0705
2025-02-24 14:37:48,197 - INFO - Step 20, Loss: 0.2341
2025-02-24 14:38:21,633 - INFO - Step 30, Loss: 0.3264
2025-02-24 14:38:55,556 - INFO - Step 40, Loss: 0.9170
2025-02-24 14:39:28,908 - INFO - Step 50, Loss: 1.7505
2025-02-24 14:40:02,276 - INFO - Step 60, Loss: 0.6493
2025-02-24 14:40:36,101 - INFO - Step 70, Loss: 0.5437
2025-02-24 14:41:09,279 - INFO - Step 80, Loss: 0.6207
2025-02-24 14:41:42,835 - INFO - Step 90, Loss: 0.6070
2025-02-24 14:42:16,152 - INFO - Step 100, Loss: 0.8995
2025-02-24 14:42:49,418 - INFO - Step 110, Loss: 0.7880
2025-02-24 14:43:22,692 - INFO - Step 120, Loss: 1.0232
2025-02-24 14:43:55,828 - INFO - Step 130, Loss: 0.6004
2025-02-24 14:44:29,354 - INFO - Step 140, Loss: 0.6900
2025-02-24 14:45:02,960 - INFO - Step 150, Loss: 0.7934
2025-02-24 14:45:36,344 - INFO - Step 160, Loss: 0.7255
2025-02-24 14:46:09,614 - INFO - Step 170, Loss: 0.7023
2025-02-24 14:46:42,741 - INFO - Step 180, Loss: 0.5453
2025-02-24 14:47:15,841 - INFO - Step 190, Loss: 0.8598
2025-02-24 14:47:48,795 - INFO - Step 200, Loss: 0.7178
2025-02-24 14:48:21,777 - INFO - Step 210, Loss: 0.7064
2025-02-24 14:48:54,871 - INFO - Step 220, Loss: 0.7606
2025-02-24 14:49:28,056 - INFO - Step 230, Loss: 0.7862
2025-02-24 14:50:01,290 - INFO - Step 240, Loss: 0.8722
2025-02-24 14:50:34,282 - INFO - Step 250, Loss: 0.6311
2025-02-24 14:51:06,646 - INFO - Step 260, Loss: 0.6936
2025-02-24 14:51:38,350 - INFO - Step 270, Loss: 0.6797
2025-02-24 14:52:10,378 - INFO - Step 280, Loss: 0.4790
2025-02-24 14:52:41,914 - INFO - Step 290, Loss: 0.4819
2025-02-24 14:53:13,326 - INFO - Step 300, Loss: 0.6691
2025-02-24 14:53:45,479 - INFO - Step 310, Loss: 0.4281
2025-02-24 14:54:17,499 - INFO - Step 320, Loss: 0.4376
2025-02-24 14:54:49,111 - INFO - Step 330, Loss: 0.3015
2025-02-24 14:55:21,248 - INFO - Step 340, Loss: 0.6349
2025-02-24 14:55:52,630 - INFO - Step 350, Loss: 0.3155
2025-02-24 14:56:24,578 - INFO - Step 360, Loss: 0.2788
2025-02-24 14:56:56,135 - INFO - Step 370, Loss: 0.5695
2025-02-24 14:57:27,519 - INFO - Step 380, Loss: 0.4618
2025-02-24 14:57:59,827 - INFO - Step 390, Loss: 0.1025
2025-02-24 14:58:31,998 - INFO - Step 400, Loss: 0.1932
2025-02-24 14:59:03,506 - INFO - Step 410, Loss: 0.3494
2025-02-24 14:59:35,242 - INFO - Step 420, Loss: 0.1317
2025-02-24 15:00:06,829 - INFO - Step 430, Loss: 0.5794
2025-02-24 15:00:38,220 - INFO - Step 440, Loss: 0.4296
2025-02-24 15:01:09,451 - INFO - Step 450, Loss: 0.2752
2025-02-24 15:01:41,023 - INFO - Step 460, Loss: 0.0741
2025-02-24 15:02:12,649 - INFO - Step 470, Loss: 0.4579
2025-02-24 15:02:43,908 - INFO - Step 480, Loss: 0.0504
2025-02-24 15:03:16,534 - INFO - Step 490, Loss: 0.0457
2025-02-24 15:03:48,205 - INFO - Step 500, Loss: 0.0362
2025-02-24 15:04:19,824 - INFO - Step 510, Loss: 0.0546
2025-02-24 15:04:51,533 - INFO - Step 520, Loss: 0.1361
2025-02-24 15:05:23,092 - INFO - Step 530, Loss: 0.0816
2025-02-24 15:05:54,546 - INFO - Step 540, Loss: 0.3687
2025-02-24 15:06:26,051 - INFO - Step 550, Loss: 0.0923
2025-02-24 15:06:57,758 - INFO - Step 560, Loss: 0.2888
2025-02-24 15:07:29,763 - INFO - Step 570, Loss: 0.4491
2025-02-24 15:08:01,050 - INFO - Step 580, Loss: 0.1472
2025-02-24 15:08:32,591 - INFO - Step 590, Loss: 1.3481
2025-02-24 15:09:04,178 - INFO - Step 600, Loss: 0.0303
2025-02-24 15:09:36,055 - INFO - Step 610, Loss: 0.0558
2025-02-24 15:10:07,512 - INFO - Step 620, Loss: 0.0069
2025-02-24 15:11:16,548 - INFO - Model saved to ./checkpoints/AIMClassifier_lora/epoch_0_model.pth
